Release 14.7 - xst P.20131013 (nt64)
Copyright (c) 1995-2013 Xilinx, Inc.  All rights reserved.
--> Parameter TMPDIR set to xst/projnav.tmp


Total REAL time to Xst completion: 0.00 secs
Total CPU time to Xst completion: 0.07 secs
 
--> Parameter xsthdpdir set to xst


Total REAL time to Xst completion: 0.00 secs
Total CPU time to Xst completion: 0.07 secs
 
--> Reading design: morsToNum.prj

TABLE OF CONTENTS
  1) Synthesis Options Summary
  2) HDL Parsing
  3) HDL Elaboration
  4) HDL Synthesis
       4.1) HDL Synthesis Report
  5) Advanced HDL Synthesis
       5.1) Advanced HDL Synthesis Report
  6) Low Level Synthesis
  7) Partition Report
  8) Design Summary
       8.1) Primitive and Black Box Usage
       8.2) Device utilization summary
       8.3) Partition Resource Summary
       8.4) Timing Report
            8.4.1) Clock Information
            8.4.2) Asynchronous Control Signals Information
            8.4.3) Timing Summary
            8.4.4) Timing Details
            8.4.5) Cross Clock Domains Report


=========================================================================
*                      Synthesis Options Summary                        *
=========================================================================
---- Source Parameters
Input File Name                    : "morsToNum.prj"
Ignore Synthesis Constraint File   : NO

---- Target Parameters
Output File Name                   : "morsToNum"
Output Format                      : NGC
Target Device                      : xc7a100t-3-csg324

---- Source Options
Top Module Name                    : morsToNum
Automatic FSM Extraction           : YES
FSM Encoding Algorithm             : Auto
Safe Implementation                : No
FSM Style                          : LUT
RAM Extraction                     : Yes
RAM Style                          : Auto
ROM Extraction                     : Yes
Shift Register Extraction          : YES
ROM Style                          : Auto
Resource Sharing                   : YES
Asynchronous To Synchronous        : NO
Shift Register Minimum Size        : 2
Use DSP Block                      : Auto
Automatic Register Balancing       : No

---- Target Options
LUT Combining                      : Auto
Reduce Control Sets                : Auto
Add IO Buffers                     : YES
Global Maximum Fanout              : 100000
Add Generic Clock Buffer(BUFG)     : 32
Register Duplication               : YES
Optimize Instantiated Primitives   : NO
Use Clock Enable                   : Auto
Use Synchronous Set                : Auto
Use Synchronous Reset              : Auto
Pack IO Registers into IOBs        : Auto
Equivalent register Removal        : YES

---- General Options
Optimization Goal                  : Speed
Optimization Effort                : 1
Power Reduction                    : NO
Keep Hierarchy                     : No
Netlist Hierarchy                  : As_Optimized
RTL Output                         : Yes
Global Optimization                : AllClockNets
Read Cores                         : YES
Write Timing Constraints           : NO
Cross Clock Analysis               : NO
Hierarchy Separator                : /
Bus Delimiter                      : <>
Case Specifier                     : Maintain
Slice Utilization Ratio            : 100
BRAM Utilization Ratio             : 100
DSP48 Utilization Ratio            : 100
Auto BRAM Packing                  : NO
Slice Utilization Ratio Delta      : 5

=========================================================================


=========================================================================
*                          HDL Parsing                                  *
=========================================================================
Analyzing Verilog file "C:\Users\ideapad 5 pro\Documents\uni\FPGA\verilog\code\morsToNum\morsToNum.v" into library work
Parsing module <morsToNum>.
WARNING:HDLCompiler:327 - "C:\Users\ideapad 5 pro\Documents\uni\FPGA\verilog\code\morsToNum\morsToNum.v" Line 76: Concatenation with unsized literal; will interpret as 32 bits

=========================================================================
*                            HDL Elaboration                            *
=========================================================================
WARNING:HDLCompiler:327 - "C:\Users\ideapad 5 pro\Documents\uni\FPGA\verilog\code\morsToNum\morsToNum.v" Line 76: Concatenation with unsized literal; will interpret as 32 bits

Elaborating module <morsToNum>.
WARNING:HDLCompiler:413 - "C:\Users\ideapad 5 pro\Documents\uni\FPGA\verilog\code\morsToNum\morsToNum.v" Line 43: Result of 3-bit expression is truncated to fit in 2-bit target.
WARNING:HDLCompiler:413 - "C:\Users\ideapad 5 pro\Documents\uni\FPGA\verilog\code\morsToNum\morsToNum.v" Line 57: Result of 5-bit expression is truncated to fit in 4-bit target.
WARNING:HDLCompiler:413 - "C:\Users\ideapad 5 pro\Documents\uni\FPGA\verilog\code\morsToNum\morsToNum.v" Line 76: Result of 36-bit expression is truncated to fit in 5-bit target.

=========================================================================
*                           HDL Synthesis                               *
=========================================================================

Synthesizing Unit <morsToNum>.
    Related source file is "C:\Users\ideapad 5 pro\Documents\uni\FPGA\verilog\code\morsToNum\morsToNum.v".
    Found 4-bit register for signal <counterZero>.
    Found 1-bit register for signal <zeroFlag>.
    Found 1-bit register for signal <oneFlag>.
    Found 5-bit register for signal <morsNum>.
    Found 4-bit register for signal <num>.
    Found 2-bit register for signal <counterOne>.
    Found 2-bit adder for signal <counterOne[1]_GND_1_o_add_3_OUT> created at line 43.
    Found 4-bit adder for signal <counterZero[3]_GND_1_o_add_7_OUT> created at line 57.
    Summary:
	inferred   2 Adder/Subtractor(s).
	inferred  17 D-type flip-flop(s).
	inferred   1 Multiplexer(s).
Unit <morsToNum> synthesized.

=========================================================================
HDL Synthesis Report

Macro Statistics
# Adders/Subtractors                                   : 2
 2-bit adder                                           : 1
 4-bit adder                                           : 1
# Registers                                            : 6
 1-bit register                                        : 2
 2-bit register                                        : 1
 4-bit register                                        : 2
 5-bit register                                        : 1
# Multiplexers                                         : 1
 1-bit 2-to-1 multiplexer                              : 1

=========================================================================

=========================================================================
*                       Advanced HDL Synthesis                          *
=========================================================================


Synthesizing (advanced) Unit <morsToNum>.
The following registers are absorbed into counter <counterZero>: 1 register on signal <counterZero>.
The following registers are absorbed into counter <counterOne>: 1 register on signal <counterOne>.
Unit <morsToNum> synthesized (advanced).

=========================================================================
Advanced HDL Synthesis Report

Macro Statistics
# Counters                                             : 2
 2-bit up counter                                      : 1
 4-bit up counter                                      : 1
# Registers                                            : 11
 Flip-Flops                                            : 11

=========================================================================

=========================================================================
*                         Low Level Synthesis                           *
=========================================================================

Optimizing unit <morsToNum> ...
WARNING:Xst:1710 - FF/Latch <morsNum_1> (without init value) has a constant value of 0 in block <morsToNum>. This FF/Latch will be trimmed during the optimization process.
WARNING:Xst:1895 - Due to other FF/Latch trimming, FF/Latch <num_1> (without init value) has a constant value of 0 in block <morsToNum>. This FF/Latch will be trimmed during the optimization process.
WARNING:Xst:1895 - Due to other FF/Latch trimming, FF/Latch <num_3> (without init value) has a constant value of 0 in block <morsToNum>. This FF/Latch will be trimmed during the optimization process.
WARNING:Xst:1895 - Due to other FF/Latch trimming, FF/Latch <morsNum_2> (without init value) has a constant value of 0 in block <morsToNum>. This FF/Latch will be trimmed during the optimization process.
WARNING:Xst:1895 - Due to other FF/Latch trimming, FF/Latch <morsNum_3> (without init value) has a constant value of 0 in block <morsToNum>. This FF/Latch will be trimmed during the optimization process.
WARNING:Xst:1895 - Due to other FF/Latch trimming, FF/Latch <morsNum_4> (without init value) has a constant value of 0 in block <morsToNum>. This FF/Latch will be trimmed during the optimization process.
WARNING:Xst:1710 - FF/Latch <num_2> (without init value) has a constant value of 1 in block <morsToNum>. This FF/Latch will be trimmed during the optimization process.

Mapping all equations...
Building and optimizing final netlist ...
Found area constraint ratio of 100 (+ 5) on block morsToNum, actual ratio is 0.

Final Macro Processing ...

=========================================================================
Final Register Report

Macro Statistics
# Registers                                            : 10
 Flip-Flops                                            : 10

=========================================================================

=========================================================================
*                           Partition Report                            *
=========================================================================

Partition Implementation Status
-------------------------------

  No Partitions were found in this design.

-------------------------------

=========================================================================
*                            Design Summary                             *
=========================================================================

Top Level Output File Name         : morsToNum.ngc

Primitive and Black Box Usage:
------------------------------
# BELS                             : 16
#      GND                         : 1
#      INV                         : 4
#      LUT2                        : 4
#      LUT3                        : 2
#      LUT4                        : 2
#      LUT5                        : 1
#      LUT6                        : 1
#      VCC                         : 1
# FlipFlops/Latches                : 10
#      FD                          : 3
#      FDR                         : 1
#      FDRE                        : 6
# Clock Buffers                    : 1
#      BUFGP                       : 1
# IO Buffers                       : 6
#      IBUF                        : 2
#      OBUF                        : 4

Device utilization summary:
---------------------------

Selected Device : 7a100tcsg324-3 


Slice Logic Utilization: 
 Number of Slice Registers:              10  out of  126800     0%  
 Number of Slice LUTs:                   14  out of  63400     0%  
    Number used as Logic:                14  out of  63400     0%  

Slice Logic Distribution: 
 Number of LUT Flip Flop pairs used:     14
   Number with an unused Flip Flop:       4  out of     14    28%  
   Number with an unused LUT:             0  out of     14     0%  
   Number of fully used LUT-FF pairs:    10  out of     14    71%  
   Number of unique control sets:         4

IO Utilization: 
 Number of IOs:                           7
 Number of bonded IOBs:                   7  out of    210     3%  

Specific Feature Utilization:
 Number of BUFG/BUFGCTRLs:                1  out of     32     3%  

---------------------------
Partition Resource Summary:
---------------------------

  No Partitions were found in this design.

---------------------------


=========================================================================
Timing Report

NOTE: THESE TIMING NUMBERS ARE ONLY A SYNTHESIS ESTIMATE.
      FOR ACCURATE TIMING INFORMATION PLEASE REFER TO THE TRACE REPORT
      GENERATED AFTER PLACE-and-ROUTE.

Clock Information:
------------------
-----------------------------------+------------------------+-------+
Clock Signal                       | Clock buffer(FF name)  | Load  |
-----------------------------------+------------------------+-------+
clk                                | BUFGP                  | 10    |
-----------------------------------+------------------------+-------+

Asynchronous Control Signals Information:
----------------------------------------
No asynchronous control signals found in this design

Timing Summary:
---------------
Speed Grade: -3

   Minimum period: 1.154ns (Maximum Frequency: 866.927MHz)
   Minimum input arrival time before clock: 1.148ns
   Maximum output required time after clock: 0.645ns
   Maximum combinational path delay: No path found

Timing Details:
---------------
All values displayed in nanoseconds (ns)

=========================================================================
Timing constraint: Default period analysis for Clock 'clk'
  Clock period: 1.154ns (frequency: 866.927MHz)
  Total number of paths / destination ports: 27 / 10
-------------------------------------------------------------------------
Delay:               1.154ns (Levels of Logic = 1)
  Source:            counterZero_3 (FF)
  Destination:       zeroFlag (FF)
  Source Clock:      clk rising
  Destination Clock: clk rising

  Data Path: counterZero_3 to zeroFlag
                                Gate     Net
    Cell:in->out      fanout   Delay   Delay  Logical Name (Net Name)
    ----------------------------------------  ------------
     FDRE:C->Q             2   0.361   0.688  counterZero_3 (counterZero_3)
     LUT6:I1->O            1   0.097   0.000  zeroFlag_glue_set (zeroFlag_glue_set)
     FDR:D                     0.008          zeroFlag
    ----------------------------------------
    Total                      1.154ns (0.466ns logic, 0.688ns route)
                                       (40.4% logic, 59.6% route)

=========================================================================
Timing constraint: Default OFFSET IN BEFORE for Clock 'clk'
  Total number of paths / destination ports: 23 / 16
-------------------------------------------------------------------------
Offset:              1.148ns (Levels of Logic = 2)
  Source:            mors (PAD)
  Destination:       counterZero_0 (FF)
  Destination Clock: clk rising

  Data Path: mors to counterZero_0
                                Gate     Net
    Cell:in->out      fanout   Delay   Delay  Logical Name (Net Name)
    ----------------------------------------  ------------
     IBUF:I->O             7   0.001   0.407  mors_IBUF (mors_IBUF)
     LUT2:I0->O            4   0.097   0.293  Mcount_counterZero_val1 (Mcount_counterZero_val)
     FDRE:R                    0.349          counterZero_0
    ----------------------------------------
    Total                      1.148ns (0.447ns logic, 0.701ns route)
                                       (39.0% logic, 61.0% route)

=========================================================================
Timing constraint: Default OFFSET OUT AFTER for Clock 'clk'
  Total number of paths / destination ports: 1 / 1
-------------------------------------------------------------------------
Offset:              0.645ns (Levels of Logic = 1)
  Source:            num_0 (FF)
  Destination:       num<0> (PAD)
  Source Clock:      clk rising

  Data Path: num_0 to num<0>
                                Gate     Net
    Cell:in->out      fanout   Delay   Delay  Logical Name (Net Name)
    ----------------------------------------  ------------
     FD:C->Q               2   0.361   0.283  num_0 (num_0)
     OBUF:I->O                 0.000          num_0_OBUF (num<0>)
    ----------------------------------------
    Total                      0.645ns (0.361ns logic, 0.283ns route)
                                       (56.0% logic, 44.0% route)

=========================================================================

Cross Clock Domains Report:
--------------------------

Clock to Setup on destination clock clk
---------------+---------+---------+---------+---------+
               | Src:Rise| Src:Fall| Src:Rise| Src:Fall|
Source Clock   |Dest:Rise|Dest:Rise|Dest:Fall|Dest:Fall|
---------------+---------+---------+---------+---------+
clk            |    1.154|         |         |         |
---------------+---------+---------+---------+---------+

=========================================================================


Total REAL time to Xst completion: 6.00 secs
Total CPU time to Xst completion: 5.88 secs
 
--> 

Total memory usage is 4619620 kilobytes

Number of errors   :    0 (   0 filtered)
Number of warnings :   12 (   0 filtered)
Number of infos    :    0 (   0 filtered)

